// Package regextest contains generated code by adptool.
package regextest

import (
	"context"

	source2 "github.com/origadmin/adptool/testdata/sourcepkg2"
)

const (
	DefaultTimeout = source2.DefaultTimeout
	MaxRetries     = source2.MaxRetries
	Version        = source2.Version
)

var (
	ConfigValue   = source2.ConfigValue
	DefaultWorker = source2.DefaultWorker
	StatsCounter  = source2.StatsCounter
)

type (
	CommonStruct     = source2.CommonStruct
	ComplexInterface = source2.ComplexInterface
	IOInput          = source2.InputData
	IOOutput         = source2.OutputData
	Worker           = source2.Worker
)

func CommonFunction() string {
	return source2.CommonFunction()
}

func Execute(ctx context.Context, api source2.ComplexInterface, input *source2.InputData) (*source2.OutputData, error) {
	return source2.Execute(ctx, api, input)
}

func NewWorker(name string) *source2.Worker {
	return source2.NewWorker(name)
}
