// Package explicittest contains generated code by adptool.
package explicittest

import (
	source "github.com/origadmin/adptool/testdata/sourcepkg"
)

const (
	ExportedConstant = source.ExportedConstant
	MaxRetries       = source.MaxRetries
)

var (
	ConfigValue      = source.ConfigValue
	ExportedVariable = source.ExportedVariable
)

type (
	CommonStruct      = source.CommonStruct
	ExportedInterface = source.ExportedInterface
	ExportedType      = source.ExportedType
	MyCustomStruct    = source.MyStruct
)

func CommonFunction() string {
	return source.CommonFunction()
}

func ExportedFunction() {
	source.ExportedFunction()
}
