// Package prefixtest contains generated code by adptool.
package prefixtest

import (
	source "github.com/origadmin/adptool/testdata/sourcepkg"
)

const (
	ExportedConstant = source.ExportedConstant
	MaxRetries       = source.MaxRetries
)

var (
	ConfigValue      = source.ConfigValue
	ExportedVariable = source.ExportedVariable
)

type (
	MyCommonStruct      = source.CommonStruct
	MyExportedInterface = source.ExportedInterface
	MyExportedType      = source.ExportedType
	MyMyStruct          = source.MyStruct
)

func CommonFunction() string {
	return source.CommonFunction()
}

func ExportedFunction() {
	source.ExportedFunction()
}
