// Package regextest contains generated code by adptool.
package regextest

import (
	source "github.com/origadmin/adptool/testdata/pkgs/source1"
)

const (
	ExportedConstant = source.ExportedConstant
	MaxRetries       = source.MaxRetries
)

var (
	ConfigValue      = source.ConfigValue
	ExportedVariable = source.ExportedVariable
)

type (
	CommonStruct      = source.CommonStruct
	ExportedInterface = source.ExportedInterface
	MyStruct          = source.MyStruct
	MyType            = source.ExportedType
)

func CommonFunction() string {
	return source.CommonFunction()
}

func ExportedFunction() {
	source.ExportedFunction()
}
