// Package prefixtest contains generated code by adptool.
package prefixtest

import (
	source "github.com/origadmin/adptool/testdata/pkgs/source1"
)

const (
	MyExportedConstant = source.ExportedConstant
	MyMaxRetries       = source.MaxRetries
)

var (
	MyConfigValue      = source.ConfigValue
	MyExportedVariable = source.ExportedVariable
)

type (
	MyCommonStruct      = source.CommonStruct
	MyExportedInterface = source.ExportedInterface
	MyExportedType      = source.ExportedType
	MyMyStruct          = source.MyStruct
)

func MyCommonFunction() string {
	return source.CommonFunction()
}

func MyExportedFunction() {
	source.ExportedFunction()
}
