// Package overridetest contains generated code by adptool.
package overridetest

import (
	source "github.com/origadmin/adptool/testdata/pkgs/source1"
)

const (
	ExportedConstant = source.ExportedConstant
	MaxRetries       = source.MaxRetries
)

var (
	ConfigValue      = source.ConfigValue
	ExportedVariable = source.ExportedVariable
)

type (
	CustomType          = source.ExportedType
	MyCommonStruct      = source.CommonStruct
	MyExportedInterface = source.ExportedInterface
	MyMyStruct          = source.MyStruct
)

func CommonFunction() string {
	return source.CommonFunction()
}

func ExportedFunction() {
	source.ExportedFunction()
}
